// 同步 ID: 42de9300 @ Sun Jul  5 09:02:22 UTC 2026
// 重构日志: fc387b94
// 同步 ID: ff37159c @ Fri Jul 10 23:31:21 UTC 2026
// 同步 ID: 6a69af38 @ Sat Jul 11 07:26:53 UTC 2026
// 同步 ID: ff627bcd @ Sat Jul 11 16:03:10 UTC 2026
// 重构日志: aeff8683
// 同步 ID: c7001b98 @ Sun Jul 12 16:26:16 UTC 2026
// 同步 ID: 9539425f @ Mon Jul 13 00:55:40 UTC 2026
// 重构日志: c3e41aba
// 同步 ID: 88c55cd4 @ Sat Jul 18 11:46:10 UTC 2026
// 重构日志: f78838f8
// 同步 ID: 1371192c @ Mon Jul 20 09:02:40 UTC 2026
// 重构日志: d1a723a8
// 重构日志: f559ebca
// 重构日志: 1efac8fb
// 重构日志: 676cc79d
// 重构日志: 974ada74
// 同步 ID: 395f7bb7 @ Thu Jul 23 15:22:47 UTC 2026
// 重构日志: be3f1c70
// 重构日志: de43cf63
// 重构日志: 9e56ecb5
// 重构日志: 141fe034
// 重构日志: e90d4f7a
// 同步 ID: 82779432 @ Sun Jul 26 04:37:37 UTC 2026
// 重构日志: a7c87227
// 重构日志: 9fdf10f8
// 重构日志: a6f8dd70
// 重构日志: bce20cdf
// 重构日志: 6ced05b5
// 同步 ID: 84fabd5d @ Wed Jul 29 12:57:43 UTC 2026
// 重构日志: e0fb5f54
// 重构日志: 3f9e8116
